// Jest Snapshot v1, https://goo.gl/fbAQLP

exports[`NavigatorContainer correctly hides bottom action bar 1`] = `
<React.Fragment>
  <StatusBar
    animated={false}
    barStyle="light-content"
    showHideTransition="fade"
  />
  <withOrientation
    style={
      Object {
        "backgroundColor": "black",
        "flex": 1,
      }
    }
  >
    <NavigationContainer
      navigation={
        Object {
          "addListener": [Function],
          "dispatch": [MockFunction],
          "getParam": [Function],
          "goBack": [Function],
          "navigate": [Function],
          "pop": [Function],
          "popToTop": [Function],
          "push": [Function],
          "replace": [Function],
          "setParams": [Function],
          "state": Object {
            "index": 0,
            "navigate": [MockFunction],
            "routes": Array [
              Object {
                "routeName": "Landing",
              },
            ],
          },
        }
      }
    />
  </withOrientation>
</React.Fragment>
`;

exports[`NavigatorContainer mounts correctly and matches snapshot 1`] = `
<React.Fragment>
  <StatusBar
    animated={false}
    barStyle="dark-content"
    showHideTransition="fade"
  />
  <withOrientation
    style={
      Object {
        "backgroundColor": "white",
        "flex": 1,
      }
    }
  >
    <NavigationContainer
      navigation={
        Object {
          "addListener": [Function],
          "dispatch": [MockFunction],
          "getParam": [Function],
          "goBack": [Function],
          "navigate": [Function],
          "pop": [Function],
          "popToTop": [Function],
          "push": [Function],
          "replace": [Function],
          "setParams": [Function],
          "state": Object {
            "index": 0,
            "navigate": [MockFunction],
            "routes": Array [
              Object {
                "routeName": "Home",
              },
            ],
          },
        }
      }
    />
  </withOrientation>
  <BottomActionBar
    openScanner={[MockFunction]}
  />
</React.Fragment>
`;
