// Jest Snapshot v1, https://goo.gl/fbAQLP

exports[`inputSeedPhrase component matches the snapshot at start 1`] = `
<Memo(Connect(Component))
  breathy={false}
  centered={true}
  dark={true}
>
  <Text
    style={
      Object {
        "color": "rgb(255, 239, 223)",
        "fontFamily": "TT Commons",
        "fontSize": 30,
        "lineHeight": 38,
        "marginTop": 32,
      }
    }
  >
    Recovery
  </Text>
  <View
    style={
      Object {
        "flexDirection": "row",
        "flexWrap": "wrap",
        "height": 130,
        "justifyContent": "center",
        "marginHorizontal": 32,
        "marginTop": 8,
      }
    }
    testID="seedPhraseMsg"
  >
    <Text
      style={
        Object {
          "color": "rgb(255, 239, 223)",
          "fontFamily": "TT Commons",
          "fontSize": 20,
          "lineHeight": 26,
          "textAlign": "center",
        }
      }
      testID="recoveryMsg"
    >
      Start writing your seed-phrase and it will appear here word by word
    </Text>
  </View>
  <View
    style={
      Object {
        "alignItems": "center",
        "flexDirection": "row",
        "justifyContent": "space-around",
        "marginHorizontal": 32,
      }
    }
  >
    <View
      style={
        Object {
          "width": 30,
        }
      }
    />
    <View
      style={
        Object {
          "width": 29,
        }
      }
    />
    <TextInput
      allowFontScaling={true}
      autoCapitalize="none"
      autoCorrect={false}
      blurOnSubmit={false}
      onChangeText={[MockFunction]}
      onSubmitEditing={[MockFunction]}
      placeholder="Tap here"
      placeholderTextColor="rgba(255, 255, 255, 0.4)"
      rejectResponderTermination={true}
      returnKeyLabel="Done"
      returnKeyType="next"
      selectionColor="rgb(148, 47, 81)"
      style={
        Array [
          Object {
            "flex": 1,
            "fontSize": 22,
            "paddingVertical": 7,
            "textAlign": "center",
          },
          Object {
            "textAlign": "center",
          },
          Object {
            "color": "white",
          },
        ]
      }
      testID="seedWordFld"
      underlineColorAndroid="transparent"
      value=""
    />
    <View
      style={
        Object {
          "marginRight": 10,
          "width": 19,
        }
      }
    />
    <View
      style={
        Object {
          "width": 30,
        }
      }
    />
  </View>
  <View
    style={
      Object {
        "width": "100%",
      }
    }
  >
    <View
      style={
        Object {
          "backgroundColor": "rgb(255, 239, 223)",
          "height": 1,
          "marginHorizontal": 32,
        }
      }
    />
  </View>
  <Text
    style={
      Object {
        "color": "rgba(255, 255, 255, 0.8)",
        "fontSize": 16,
        "marginTop": 3,
      }
    }
  />
  <View
    style={
      Object {
        "flexDirection": "row",
        "height": 40,
        "marginTop": 24,
        "position": "relative",
        "width": "100%",
      }
    }
  >
    <View
      style={
        Object {
          "flexDirection": "row",
          "flexWrap": "nowrap",
          "left": 0,
          "position": "absolute",
          "width": "100%",
        }
      }
      testID="seedWordSuggestions"
    />
  </View>
  <View
    style={
      Object {
        "flex": 2,
      }
    }
  />
  <View
    style={
      Object {
        "flex": 1,
        "marginBottom": 30,
        "width": "100%",
      }
    }
  >
    <TransparentButton
      onPress={[MockFunction]}
      style={
        Object {
          "marginHorizontal": 30,
          "paddingVertical": 10,
        }
      }
      text="Back to signup"
    />
  </View>
</Memo(Connect(Component))>
`;

exports[`inputSeedPhrase component matches the snapshot when loading 1`] = `
<Memo(Connect(Component))
  breathy={true}
  centered={true}
  dark={true}
>
  <Text
    style={
      Object {
        "color": "rgb(255, 239, 223)",
        "fontFamily": "TT Commons",
        "fontSize": 30,
        "lineHeight": 38,
        "marginTop": 32,
      }
    }
  >
    Full phrase verification
  </Text>
  <View
    style={
      Object {
        "flexDirection": "row",
        "flexWrap": "wrap",
        "height": 130,
        "justifyContent": "center",
        "marginHorizontal": 32,
        "marginTop": 8,
      }
    }
    testID="seedPhraseMsg"
  >
    <Text
      style={
        Object {
          "color": "rgb(255, 239, 223)",
          "fontFamily": "TT Commons",
          "fontSize": 20,
          "lineHeight": 26,
          "textAlign": "center",
        }
      }
      testID="recoveryMsg"
    >
      Start writing your seed-phrase and it will appear here word by word
    </Text>
  </View>
  <RippleLoader
    color="rgb(89, 167, 145)"
    frequency={1600}
    size={120}
    strokeWidth={4}
  />
  <View
    style={
      Object {
        "margin": 20,
      }
    }
  />
</Memo(Connect(Component))>
`;

exports[`inputSeedPhrase component matches the snapshot while inputting 1`] = `
<Memo(Connect(Component))
  breathy={false}
  centered={true}
  dark={true}
>
  <Text
    style={
      Object {
        "color": "rgb(255, 239, 223)",
        "fontFamily": "TT Commons",
        "fontSize": 30,
        "lineHeight": 38,
        "marginTop": 32,
      }
    }
  >
    Recovery
  </Text>
  <View
    style={
      Object {
        "flexDirection": "row",
        "flexWrap": "wrap",
        "height": 130,
        "justifyContent": "center",
        "marginHorizontal": 32,
        "marginTop": 8,
      }
    }
    testID="seedPhraseMsg"
  >
    <Text
      style={
        Object {
          "color": "rgb(255, 239, 223)",
          "fontFamily": "TT Commons",
          "fontSize": 20,
          "lineHeight": 26,
          "textAlign": "center",
        }
      }
      testID="recoveryMsg"
    >
      Start writing your seed-phrase and it will appear here word by word
    </Text>
  </View>
  <View
    style={
      Object {
        "alignItems": "center",
        "flexDirection": "row",
        "justifyContent": "space-around",
        "marginHorizontal": 32,
      }
    }
  >
    <View
      style={
        Object {
          "width": 30,
        }
      }
    >
      <PreviousIcon
        onPress={[MockFunction]}
      />
    </View>
    <View
      style={
        Object {
          "width": 29,
        }
      }
    />
    <TextInput
      allowFontScaling={true}
      autoCapitalize="none"
      autoCorrect={false}
      blurOnSubmit={false}
      onChangeText={[MockFunction]}
      onSubmitEditing={[MockFunction]}
      placeholder="Tap here"
      placeholderTextColor="rgba(255, 255, 255, 0.4)"
      rejectResponderTermination={true}
      returnKeyLabel="Done"
      returnKeyType="next"
      selectionColor="rgb(148, 47, 81)"
      style={
        Array [
          Object {
            "flex": 1,
            "fontSize": 22,
            "paddingVertical": 7,
            "textAlign": "center",
          },
          Object {
            "textAlign": "center",
          },
          Object {
            "color": "white",
          },
        ]
      }
      testID="seedWordFld"
      underlineColorAndroid="transparent"
      value="in"
    />
    <View
      style={
        Object {
          "marginRight": 10,
          "width": 19,
        }
      }
    />
    <View
      style={
        Object {
          "width": 30,
        }
      }
    />
  </View>
  <View
    style={
      Object {
        "width": "100%",
      }
    }
  >
    <View
      style={
        Object {
          "backgroundColor": "rgb(255, 239, 223)",
          "height": 1,
          "marginHorizontal": 32,
        }
      }
    />
  </View>
  <Text
    style={
      Object {
        "color": "rgba(255, 255, 255, 0.8)",
        "fontSize": 16,
        "marginTop": 3,
      }
    }
  >
    Choose the right word or press enter
  </Text>
  <View
    style={
      Object {
        "flexDirection": "row",
        "height": 40,
        "marginTop": 24,
        "position": "relative",
        "width": "100%",
      }
    }
  >
    <View
      style={
        Object {
          "flexDirection": "row",
          "flexWrap": "nowrap",
          "left": 0,
          "position": "absolute",
          "width": "100%",
        }
      }
      testID="seedWordSuggestions"
    >
      <ThemedComponent
        key="0"
        onPress={[Function]}
        style={
          Object {
            "container": Object {
              "backgroundColor": "rgba(148, 47, 81, 0.4)",
              "borderRadius": 8,
              "height": 40,
              "margin": 4,
              "minWidth": 0,
            },
            "text": Object {
              "color": "rgb(255, 239, 223)",
              "fontSize": 20,
              "fontWeight": "normal",
              "paddingVertical": 12,
            },
          }
        }
        testID="seedSuggestion0"
        text="insert"
        upperCase={false}
      />
      <ThemedComponent
        key="1"
        onPress={[Function]}
        style={
          Object {
            "container": Object {
              "backgroundColor": "rgba(148, 47, 81, 0.4)",
              "borderRadius": 8,
              "height": 40,
              "margin": 4,
              "minWidth": 0,
            },
            "text": Object {
              "color": "rgb(255, 239, 223)",
              "fontSize": 20,
              "fontWeight": "normal",
              "paddingVertical": 12,
            },
          }
        }
        testID="seedSuggestion1"
        text="input"
        upperCase={false}
      />
    </View>
  </View>
  <View
    style={
      Object {
        "flex": 2,
      }
    }
  />
  <View
    style={
      Object {
        "flex": 1,
        "marginBottom": 30,
        "width": "100%",
      }
    }
  >
    <TransparentButton
      onPress={[MockFunction]}
      style={
        Object {
          "marginHorizontal": 30,
          "paddingVertical": 10,
        }
      }
      text="Back to signup"
    />
  </View>
</Memo(Connect(Component))>
`;
