// Jest Snapshot v1, https://goo.gl/fbAQLP

exports[`MaskedImage component matches the snapshot with empty current path string 1`] = `
<Svg
  height="100%"
  onMoveShouldSetResponder={[Function]}
  onMoveShouldSetResponderCapture={[Function]}
  onResponderEnd={[Function]}
  onResponderGrant={[Function]}
  onResponderMove={[Function]}
  onResponderReject={[Function]}
  onResponderRelease={[Function]}
  onResponderStart={[Function]}
  onResponderTerminate={[Function]}
  onResponderTerminationRequest={[Function]}
  onStartShouldSetResponder={[Function]}
  onStartShouldSetResponderCapture={[Function]}
  preserveAspectRatio="xMidYMid meet"
  width="100%"
>
  <Path
    d=""
    fill="none"
    stroke="rgba(255, 239, 223, 0.38)"
    strokeDasharray="1,4%"
    strokeLinecap="round"
    strokeLinejoin="round"
    strokeWidth="1%"
  />
</Svg>
`;
