// Jest Snapshot v1, https://goo.gl/fbAQLP

exports[`seedPhrase component matches the snapshot with checkbox checked 1`] = `
<Container
  style={
    Object {
      "backgroundColor": "black",
    }
  }
>
  <View
    style={
      Object {
        "flex": 0.8,
        "justifyContent": "center",
        "marginTop": 20,
      }
    }
  >
    <Text
      style={
        Object {
          "color": "#ffefdf",
          "fontFamily": "TT Commons",
          "fontSize": 20,
          "lineHeight": 26,
          "textAlign": "center",
        }
      }
    >
      Write these words down on an analog and secure place. Without these words, you cannot access your wallet again.
    </Text>
  </View>
  <View
    style={
      Object {
        "flex": 1,
      }
    }
  >
    <Text
      style={
        Object {
          "color": "white",
          "fontFamily": "TT Commons",
          "fontSize": 34,
          "lineHeight": 38,
          "textAlign": "center",
        }
      }
    >
      mock seedPhrase
    </Text>
  </View>
  <View
    style={
      Object {
        "marginTop": "auto",
      }
    }
  >
    <ThemedComponent
      onPress={[MockFunction]}
      raised={true}
      style={
        Object {
          "container": Object {
            "backgroundColor": "#942f51",
            "borderRadius": 4,
            "height": 48,
            "paddingHorizontal": 25,
          },
          "text": Object {
            "color": "white",
            "fontFamily": "TT Commons",
            "fontSize": 22,
            "fontWeight": "100",
            "paddingVertical": 15,
          },
        }
      }
      text="Yes, I wrote it down"
      upperCase={false}
    />
  </View>
</Container>
`;

exports[`seedPhrase component matches the snapshot with checkbox unchecked 1`] = `
<Container
  style={
    Object {
      "backgroundColor": "black",
    }
  }
>
  <View
    style={
      Object {
        "flex": 0.8,
        "justifyContent": "center",
        "marginTop": 20,
      }
    }
  >
    <Text
      style={
        Object {
          "color": "#ffefdf",
          "fontFamily": "TT Commons",
          "fontSize": 20,
          "lineHeight": 26,
          "textAlign": "center",
        }
      }
    >
      Write these words down on an analog and secure place. Without these words, you cannot access your wallet again.
    </Text>
  </View>
  <View
    style={
      Object {
        "flex": 1,
      }
    }
  >
    <Text
      style={
        Object {
          "color": "white",
          "fontFamily": "TT Commons",
          "fontSize": 34,
          "lineHeight": 38,
          "textAlign": "center",
        }
      }
    >
      mock seedPhrase
    </Text>
  </View>
  <View
    style={
      Object {
        "marginTop": "auto",
      }
    }
  >
    <ThemedComponent
      onPress={[MockFunction]}
      raised={true}
      style={
        Object {
          "container": Object {
            "backgroundColor": "#942f51",
            "borderRadius": 4,
            "height": 48,
            "paddingHorizontal": 25,
          },
          "text": Object {
            "color": "white",
            "fontFamily": "TT Commons",
            "fontSize": 22,
            "fontWeight": "100",
            "paddingVertical": 15,
          },
        }
      }
      text="Yes, I wrote it down"
      upperCase={false}
    />
  </View>
</Container>
`;
