// Jest Snapshot v1, https://goo.gl/fbAQLP

exports[`registration reducer should initialize correctly 1`] = `
Object {
  "loading": Object {
    "isRegistering": false,
    "loadingMsg": "Loading",
  },
}
`;
