// Jest Snapshot v1, https://goo.gl/fbAQLP

exports[`BackendMiddleware Identity Creation should fuelKeyWithEther 1`] = `
Array [
  Array [
    Object {
      "data": Array [
        2,
        190,
        222,
        236,
        223,
        239,
        223,
        32,
        17,
        81,
        201,
        162,
        78,
        254,
        96,
        10,
        97,
        136,
        138,
        150,
        254,
        179,
        2,
        244,
        3,
        231,
        162,
        235,
        71,
        152,
        56,
        126,
        92,
      ],
      "type": "Buffer",
    },
  ],
]
`;

exports[`BackendMiddleware prepareIdentityWallet should authenticate and cache the identity if not cached 1`] = `
Array [
  Array [
    SoftwareKeyProvider {
      "encryptedSeed": Object {
        "data": Array [
          183,
          116,
          81,
          20,
          81,
          84,
          212,
          61,
          81,
          173,
          61,
          49,
          234,
          209,
          98,
          116,
          146,
          8,
          172,
          20,
          172,
          74,
          237,
          124,
          18,
          0,
          151,
          9,
          149,
          229,
          236,
          165,
        ],
        "type": "Buffer",
      },
    },
    Object {
      "derivationPath": "m/73'/0'/0'/0",
      "encryptionPass": "hunter0=",
    },
  ],
]
`;

exports[`BackendMiddleware prepareIdentityWallet should authenticate and cache the identity if not cached 2`] = `
Array [
  Array [
    "did:jolo:d129fdce5ff7d69878c001b0973d7e1a0ff2ae4cc7066d5a769e909c28c4149d",
  ],
]
`;
