// Jest Snapshot v1, https://goo.gl/fbAQLP

exports[`SectionWrapper Component matches the snapshot on initial render 1`] = `
<View
  style={
    Array [
      Object {
        "height": "auto",
        "marginTop": 50,
        "paddingHorizontal": 20,
        "width": "100%",
      },
      undefined,
    ]
  }
>
  <Text
    style={
      Object {
        "color": "rgb(33, 30, 34)",
        "fontFamily": "TT Commons",
        "fontSize": 30,
        "lineHeight": 34,
      }
    }
  >
    Test
  </Text>
</View>
`;
